// Jest Snapshot v1, https://goo.gl/fbAQLP

exports[`<ExtensionMobileView /> renders correctly 1`] = `
ShallowWrapper {
  "length": 1,
  Symbol(enzyme.__root__): [Circular],
  Symbol(enzyme.__unrendered__): <ExtensionMobileView
    biindIframeToParent={[Function]}
    extension={
        Object {
            "anchor": "panel",
            "authorName": "test",
            "bitsEnabled": false,
            "canInstall": true,
            "channelId": "channelId",
            "description": "description",
            "eulaTosUrl": "test.biz",
            "iconUrl": "iconUrl",
            "iconUrls": Object {},
            "id": "id",
            "installationCount": 0,
            "name": "name",
            "panelHeight": 300,
            "privacyPolicyUrl": "test.com",
            "requestIdentityLink": false,
            "requiredBroadcasterAbilities": Array [
              "test",
            ],
            "screenshotUrls": Array [
              "test.png",
            ],
            "sku": "sku",
            "state": "Testing",
            "summary": "summary",
            "supportEmail": "test",
            "token": "token",
            "vendorCode": "vendorCode",
            "version": "0.1",
            "views": Object {
              "component": Object {
                "aspectHeight": 3000,
                "aspectWidth": 2500,
                "size": 0,
                "viewerUrl": "test",
                "zoom": false,
                "zoomPixels": 1024,
              },
              "config": Object {
                "viewerUrl": "test",
              },
              "liveConfig": Object {
                "viewerUrl": "test",
              },
              "mobile": Object {
                "viewerUrl": "test",
              },
              "panel": Object {
                "height": 300,
                "viewerUrl": "test",
              },
              "videoOverlay": Object {
                "viewerUrl": "test",
              },
            },
            "whitelistedConfigUrls": Array [
              "foo",
            ],
            "whitelistedPanelUrls": Array [
              "bar",
            ],
          }
    }
    frameSize={
        Object {
            "height": 100,
            "width": 100,
          }
    }
    id="0"
    orientation="Portrait"
    position={
        Object {
            "x": 0,
            "y": 0,
          }
    }
    role="viewer"
/>,
  Symbol(enzyme.__renderer__): Object {
    "batchedUpdates": [Function],
    "getNode": [Function],
    "render": [Function],
    "simulateEvent": [Function],
    "unmount": [Function],
  },
  Symbol(enzyme.__node__): Object {
    "instance": null,
    "key": undefined,
    "nodeType": "host",
    "props": Object {
      "children": <div
        style={
                Object {
                        "bottom": "0",
                        "height": "65px",
                        "position": "absolute",
                        "width": "100px",
                      }
        }
>
        <ExtensionFrame
                bindIframeToParent={undefined}
                channelId={undefined}
                className="view"
                extension={
                        Object {
                                "anchor": "panel",
                                "authorName": "test",
                                "bitsEnabled": false,
                                "canInstall": true,
                                "channelId": "channelId",
                                "description": "description",
                                "eulaTosUrl": "test.biz",
                                "iconUrl": "iconUrl",
                                "iconUrls": Object {},
                                "id": "id",
                                "installationCount": 0,
                                "name": "name",
                                "panelHeight": 300,
                                "privacyPolicyUrl": "test.com",
                                "requestIdentityLink": false,
                                "requiredBroadcasterAbilities": Array [
                                  "test",
                                ],
                                "screenshotUrls": Array [
                                  "test.png",
                                ],
                                "sku": "sku",
                                "state": "Testing",
                                "summary": "summary",
                                "supportEmail": "test",
                                "token": "token",
                                "vendorCode": "vendorCode",
                                "version": "0.1",
                                "views": Object {
                                  "component": Object {
                                    "aspectHeight": 3000,
                                    "aspectWidth": 2500,
                                    "size": 0,
                                    "viewerUrl": "test",
                                    "zoom": false,
                                    "zoomPixels": 1024,
                                  },
                                  "config": Object {
                                    "viewerUrl": "test",
                                  },
                                  "liveConfig": Object {
                                    "viewerUrl": "test",
                                  },
                                  "mobile": Object {
                                    "viewerUrl": "test",
                                  },
                                  "panel": Object {
                                    "height": 300,
                                    "viewerUrl": "test",
                                  },
                                  "videoOverlay": Object {
                                    "viewerUrl": "test",
                                  },
                                },
                                "whitelistedConfigUrls": Array [
                                  "foo",
                                ],
                                "whitelistedPanelUrls": Array [
                                  "bar",
                                ],
                              }
                }
                frameId="frameid-0"
                mode="viewer"
                type="mobile"
        />
</div>,
      "className": "view component-view",
      "style": Object {
        "background": "#322F37",
        "height": "100px",
        "width": "100px",
      },
    },
    "ref": null,
    "rendered": Object {
      "instance": null,
      "key": undefined,
      "nodeType": "host",
      "props": Object {
        "children": <ExtensionFrame
          bindIframeToParent={undefined}
          channelId={undefined}
          className="view"
          extension={
                    Object {
                              "anchor": "panel",
                              "authorName": "test",
                              "bitsEnabled": false,
                              "canInstall": true,
                              "channelId": "channelId",
                              "description": "description",
                              "eulaTosUrl": "test.biz",
                              "iconUrl": "iconUrl",
                              "iconUrls": Object {},
                              "id": "id",
                              "installationCount": 0,
                              "name": "name",
                              "panelHeight": 300,
                              "privacyPolicyUrl": "test.com",
                              "requestIdentityLink": false,
                              "requiredBroadcasterAbilities": Array [
                                "test",
                              ],
                              "screenshotUrls": Array [
                                "test.png",
                              ],
                              "sku": "sku",
                              "state": "Testing",
                              "summary": "summary",
                              "supportEmail": "test",
                              "token": "token",
                              "vendorCode": "vendorCode",
                              "version": "0.1",
                              "views": Object {
                                "component": Object {
                                  "aspectHeight": 3000,
                                  "aspectWidth": 2500,
                                  "size": 0,
                                  "viewerUrl": "test",
                                  "zoom": false,
                                  "zoomPixels": 1024,
                                },
                                "config": Object {
                                  "viewerUrl": "test",
                                },
                                "liveConfig": Object {
                                  "viewerUrl": "test",
                                },
                                "mobile": Object {
                                  "viewerUrl": "test",
                                },
                                "panel": Object {
                                  "height": 300,
                                  "viewerUrl": "test",
                                },
                                "videoOverlay": Object {
                                  "viewerUrl": "test",
                                },
                              },
                              "whitelistedConfigUrls": Array [
                                "foo",
                              ],
                              "whitelistedPanelUrls": Array [
                                "bar",
                              ],
                            }
          }
          frameId="frameid-0"
          mode="viewer"
          type="mobile"
/>,
        "style": Object {
          "bottom": "0",
          "height": "65px",
          "position": "absolute",
          "width": "100px",
        },
      },
      "ref": null,
      "rendered": Object {
        "instance": null,
        "key": undefined,
        "nodeType": "class",
        "props": Object {
          "bindIframeToParent": undefined,
          "channelId": undefined,
          "className": "view",
          "extension": Object {
            "anchor": "panel",
            "authorName": "test",
            "bitsEnabled": false,
            "canInstall": true,
            "channelId": "channelId",
            "description": "description",
            "eulaTosUrl": "test.biz",
            "iconUrl": "iconUrl",
            "iconUrls": Object {},
            "id": "id",
            "installationCount": 0,
            "name": "name",
            "panelHeight": 300,
            "privacyPolicyUrl": "test.com",
            "requestIdentityLink": false,
            "requiredBroadcasterAbilities": Array [
              "test",
            ],
            "screenshotUrls": Array [
              "test.png",
            ],
            "sku": "sku",
            "state": "Testing",
            "summary": "summary",
            "supportEmail": "test",
            "token": "token",
            "vendorCode": "vendorCode",
            "version": "0.1",
            "views": Object {
              "component": Object {
                "aspectHeight": 3000,
                "aspectWidth": 2500,
                "size": 0,
                "viewerUrl": "test",
                "zoom": false,
                "zoomPixels": 1024,
              },
              "config": Object {
                "viewerUrl": "test",
              },
              "liveConfig": Object {
                "viewerUrl": "test",
              },
              "mobile": Object {
                "viewerUrl": "test",
              },
              "panel": Object {
                "height": 300,
                "viewerUrl": "test",
              },
              "videoOverlay": Object {
                "viewerUrl": "test",
              },
            },
            "whitelistedConfigUrls": Array [
              "foo",
            ],
            "whitelistedPanelUrls": Array [
              "bar",
            ],
          },
          "frameId": "frameid-0",
          "mode": "viewer",
          "type": "mobile",
        },
        "ref": null,
        "rendered": null,
        "type": [Function],
      },
      "type": "div",
    },
    "type": "div",
  },
  Symbol(enzyme.__nodes__): Array [
    Object {
      "instance": null,
      "key": undefined,
      "nodeType": "host",
      "props": Object {
        "children": <div
          style={
                    Object {
                              "bottom": "0",
                              "height": "65px",
                              "position": "absolute",
                              "width": "100px",
                            }
          }
>
          <ExtensionFrame
                    bindIframeToParent={undefined}
                    channelId={undefined}
                    className="view"
                    extension={
                              Object {
                                        "anchor": "panel",
                                        "authorName": "test",
                                        "bitsEnabled": false,
                                        "canInstall": true,
                                        "channelId": "channelId",
                                        "description": "description",
                                        "eulaTosUrl": "test.biz",
                                        "iconUrl": "iconUrl",
                                        "iconUrls": Object {},
                                        "id": "id",
                                        "installationCount": 0,
                                        "name": "name",
                                        "panelHeight": 300,
                                        "privacyPolicyUrl": "test.com",
                                        "requestIdentityLink": false,
                                        "requiredBroadcasterAbilities": Array [
                                          "test",
                                        ],
                                        "screenshotUrls": Array [
                                          "test.png",
                                        ],
                                        "sku": "sku",
                                        "state": "Testing",
                                        "summary": "summary",
                                        "supportEmail": "test",
                                        "token": "token",
                                        "vendorCode": "vendorCode",
                                        "version": "0.1",
                                        "views": Object {
                                          "component": Object {
                                            "aspectHeight": 3000,
                                            "aspectWidth": 2500,
                                            "size": 0,
                                            "viewerUrl": "test",
                                            "zoom": false,
                                            "zoomPixels": 1024,
                                          },
                                          "config": Object {
                                            "viewerUrl": "test",
                                          },
                                          "liveConfig": Object {
                                            "viewerUrl": "test",
                                          },
                                          "mobile": Object {
                                            "viewerUrl": "test",
                                          },
                                          "panel": Object {
                                            "height": 300,
                                            "viewerUrl": "test",
                                          },
                                          "videoOverlay": Object {
                                            "viewerUrl": "test",
                                          },
                                        },
                                        "whitelistedConfigUrls": Array [
                                          "foo",
                                        ],
                                        "whitelistedPanelUrls": Array [
                                          "bar",
                                        ],
                                      }
                    }
                    frameId="frameid-0"
                    mode="viewer"
                    type="mobile"
          />
</div>,
        "className": "view component-view",
        "style": Object {
          "background": "#322F37",
          "height": "100px",
          "width": "100px",
        },
      },
      "ref": null,
      "rendered": Object {
        "instance": null,
        "key": undefined,
        "nodeType": "host",
        "props": Object {
          "children": <ExtensionFrame
            bindIframeToParent={undefined}
            channelId={undefined}
            className="view"
            extension={
                        Object {
                                    "anchor": "panel",
                                    "authorName": "test",
                                    "bitsEnabled": false,
                                    "canInstall": true,
                                    "channelId": "channelId",
                                    "description": "description",
                                    "eulaTosUrl": "test.biz",
                                    "iconUrl": "iconUrl",
                                    "iconUrls": Object {},
                                    "id": "id",
                                    "installationCount": 0,
                                    "name": "name",
                                    "panelHeight": 300,
                                    "privacyPolicyUrl": "test.com",
                                    "requestIdentityLink": false,
                                    "requiredBroadcasterAbilities": Array [
                                      "test",
                                    ],
                                    "screenshotUrls": Array [
                                      "test.png",
                                    ],
                                    "sku": "sku",
                                    "state": "Testing",
                                    "summary": "summary",
                                    "supportEmail": "test",
                                    "token": "token",
                                    "vendorCode": "vendorCode",
                                    "version": "0.1",
                                    "views": Object {
                                      "component": Object {
                                        "aspectHeight": 3000,
                                        "aspectWidth": 2500,
                                        "size": 0,
                                        "viewerUrl": "test",
                                        "zoom": false,
                                        "zoomPixels": 1024,
                                      },
                                      "config": Object {
                                        "viewerUrl": "test",
                                      },
                                      "liveConfig": Object {
                                        "viewerUrl": "test",
                                      },
                                      "mobile": Object {
                                        "viewerUrl": "test",
                                      },
                                      "panel": Object {
                                        "height": 300,
                                        "viewerUrl": "test",
                                      },
                                      "videoOverlay": Object {
                                        "viewerUrl": "test",
                                      },
                                    },
                                    "whitelistedConfigUrls": Array [
                                      "foo",
                                    ],
                                    "whitelistedPanelUrls": Array [
                                      "bar",
                                    ],
                                  }
            }
            frameId="frameid-0"
            mode="viewer"
            type="mobile"
/>,
          "style": Object {
            "bottom": "0",
            "height": "65px",
            "position": "absolute",
            "width": "100px",
          },
        },
        "ref": null,
        "rendered": Object {
          "instance": null,
          "key": undefined,
          "nodeType": "class",
          "props": Object {
            "bindIframeToParent": undefined,
            "channelId": undefined,
            "className": "view",
            "extension": Object {
              "anchor": "panel",
              "authorName": "test",
              "bitsEnabled": false,
              "canInstall": true,
              "channelId": "channelId",
              "description": "description",
              "eulaTosUrl": "test.biz",
              "iconUrl": "iconUrl",
              "iconUrls": Object {},
              "id": "id",
              "installationCount": 0,
              "name": "name",
              "panelHeight": 300,
              "privacyPolicyUrl": "test.com",
              "requestIdentityLink": false,
              "requiredBroadcasterAbilities": Array [
                "test",
              ],
              "screenshotUrls": Array [
                "test.png",
              ],
              "sku": "sku",
              "state": "Testing",
              "summary": "summary",
              "supportEmail": "test",
              "token": "token",
              "vendorCode": "vendorCode",
              "version": "0.1",
              "views": Object {
                "component": Object {
                  "aspectHeight": 3000,
                  "aspectWidth": 2500,
                  "size": 0,
                  "viewerUrl": "test",
                  "zoom": false,
                  "zoomPixels": 1024,
                },
                "config": Object {
                  "viewerUrl": "test",
                },
                "liveConfig": Object {
                  "viewerUrl": "test",
                },
                "mobile": Object {
                  "viewerUrl": "test",
                },
                "panel": Object {
                  "height": 300,
                  "viewerUrl": "test",
                },
                "videoOverlay": Object {
                  "viewerUrl": "test",
                },
              },
              "whitelistedConfigUrls": Array [
                "foo",
              ],
              "whitelistedPanelUrls": Array [
                "bar",
              ],
            },
            "frameId": "frameid-0",
            "mode": "viewer",
            "type": "mobile",
          },
          "ref": null,
          "rendered": null,
          "type": [Function],
        },
        "type": "div",
      },
      "type": "div",
    },
  ],
  Symbol(enzyme.__options__): Object {
    "adapter": ReactSixteenAdapter {
      "options": Object {
        "enableComponentDidUpdateOnSetState": true,
      },
    },
  },
}
`;
